Info  (2026-02-21T00:31:11Z): MonAgentHost.exe - Monitoring Agent Version 47.04.01 - Oct 23 2025 18:47:10 -  amd64 - OS 10.0.17763
Info  (2026-02-21T00:31:11Z): MonAgentHost.exe - See http://aka.ms/GenevaAgentHelp for help interpreting and asking questions about logged messages.
Info  (2026-02-21T00:31:11Z): MonAgentHost.exe - Successfully parsed command line arguments.
Info  (2026-02-21T00:31:11Z): MonAgentHost.exe - Actual command is : -serviceShutdown MonAgentShutdownEvent.2932 -parent 2932 -deploymentdir "C:\Packages\Plugins\Microsoft.Azure.Monitor.AzureMonitorWindowsAgent\1.39.0.0\Monitoring\Agent" -LocalPath "C:\WindowsAzure\Resources\AMADataStore.amawin" "-mcsmode" "-ShutDownEvent" "AzureMonitorAgentExtension-ShutdownEventName" "-TotalShutDownEvent" "AzureMonitorAgentExtension-TotalShutdownEventName" "-InitializedEvent" "AzureMonitorAgentExtension-StartAgentEventName"  
Info  (2026-02-21T00:31:11Z): MonAgentHost.exe - Current agent working directory is 'C:\Packages\Plugins\Microsoft.Azure.Monitor.AzureMonitorWindowsAgent\1.39.0.0\Monitoring\Agent'
Info  (2026-02-21T00:31:11Z): MonAgentHost.exe - Starting agent manager: 'C:\Packages\Plugins\Microsoft.Azure.Monitor.AzureMonitorWindowsAgent\1.39.0.0\Monitoring\Agent\MonAgentManager.exe -serviceShutdown MonAgentShutdownEvent.2932 -parent 2932 -deploymentdir "C:\Packages\Plugins\Microsoft.Azure.Monitor.AzureMonitorWindowsAgent\1.39.0.0\Monitoring\Agent" -LocalPath "C:\WindowsAzure\Resources\AMADataStore.amawin" "-mcsmode" "-ShutDownEvent" "AzureMonitorAgentExtension-ShutdownEventName" "-TotalShutDownEvent" "AzureMonitorAgentExtension-TotalShutdownEventName" "-InitializedEvent" "AzureMonitorAgentExtension-StartAgentEventName" -LogPath "C:\WindowsAzure\Resources\AMADataStore.amawin\Configuration\MonAgentHost.13.log"'
Info  (2026-02-21T00:31:11Z): MonAgentManager.exe - Monitoring Agent Version 47.04.01 - Oct 23 2025 18:49:53 -  amd64 - OS 10.0.17763
Info  (2026-02-21T00:31:11Z): MonAgentManager.exe - See http://aka.ms/GenevaAgentHelp for help interpreting and asking questions about logged messages.
Info  (2026-02-21T00:31:11Z): MonAgentManager.exe - Disk free space available for MA is 106356MB out of total partition size of 129481MB in C:\WindowsAzure\Resources\AMADataStore.amawin
Info  (2026-02-21T00:31:11Z): MonAgentManager.exe - Table directory is 'C:\WindowsAzure\Resources\AMADataStore.amawin\Tables'
Info  (2026-02-21T00:31:11Z): MonAgentManager.exe - Agent working directory is C:\Packages\Plugins\Microsoft.Azure.Monitor.AzureMonitorWindowsAgent\1.39.0.0\Monitoring\Agent; running from deployment directory
Info  (2026-02-21T00:31:11Z): MonAgentManager.exe - Waiting for parent process 2932 of the manager to terminate.
Info  (2026-02-21T00:31:11Z): MonAgentManager.exe - Initializing McsManager using mcsRegionalEndpoint=https://westus2.handler.control.monitor.azure.com,mcsGlobalEndpoint=https://global.handler.control.monitor.azure.com,azureResourceEndpoint=https://monitor.azure.com/,m_MonAgentVersion=47.04.01,customResourceId=,ManagedIdentity=,AADMode=false,aadClientId=,aadAuthority=,aadResource=,aadDomain=,proxyMode=system,proxyAddress=,proxyAuth=false
Info  (2026-02-21T00:31:11Z): MonAgentManager.exe - AmcsClientInstallId registry key found with value 2D7326B5-5F86-41CE-955F-6AF36C73B00C
Info  (2026-02-21T00:31:11Z): MonAgentManager.exe - Using Azure IMDS endpoint: http://169.254.169.254 for metadata
Info  (2026-02-21T00:31:11Z): MonAgentManager.exe - Setting resource id from IMDS: /subscriptions/351651ce-5feb-4e59-975d-f1f344e2b717/resourceGroups/AMAWin_group/providers/Microsoft.Compute/virtualMachines/amawin
Info  (2026-02-21T00:31:11Z): MonAgentManager.exe - Using Azure IMDS endpoint: http://169.254.169.254 for MSI token.
Info  (2026-02-21T00:31:11Z): MonAgentManager.exe - Using Azure IMDS endpoint: http://169.254.169.254 for MSI token.
Info  (2026-02-21T00:31:11Z): MonAgentManager.exe - McsManager successfully initialized
Info  (2026-02-21T00:31:11Z): MonAgentManager.exe - Successfully created fluentbitManager.
Info  (2026-02-21T00:31:11Z): MonAgentManager.exe - Will use previously downloaded config [C:\WindowsAzure\Resources\AMADataStore.amawin\mcs\mcsconfig.latest.xml].
Info  (2026-02-21T00:31:11Z): MonAgentManager.exe - Refreshed MSI Token: eyJ0...
Info  (2026-02-21T00:31:11Z): MonAgentManager.exe - Next refresh of MSI token for MDM in 86400 seconds
Info  (2026-02-21T00:31:11Z): MonAgentManager.exe - Next refresh of MSI token for MCS in 86400 seconds
Info  (2026-02-21T00:31:11Z): MonAgentManager.exe - Successfully initialized Geneva common telemetry reporting for the agent manager.
Info  (2026-02-21T00:31:11Z): MonAgentManager.exe - Agent will exit when AzureMonitorAgentExtension-ShutdownEventName is signaled.
Info  (2026-02-21T00:31:11Z): MonAgentManager.exe - Agent will exit when AzureMonitorAgentExtension-TotalShutdownEventName is signaled.
Info  (2026-02-21T00:31:11Z): MonAgentManager.exe - Successfully parsed command line arguments.
Info  (2026-02-21T00:31:11Z): MonAgentManager.exe - Actual command is :   -deploymentdir "C:\Packages\Plugins\Microsoft.Azure.Monitor.AzureMonitorWindowsAgent\1.39.0.0\Monitoring\Agent" -LocalPath "C:\WindowsAzure\Resources\AMADataStore.amawin"  -mcsmode    -InitializedEvent "AzureMonitorAgentExtension-StartAgentEventName"  -managerver 1  -parent 3964 -ShutDownEvent AzureMonitorAgentExtension-ShutdownEventName2932 -TotalShutDownEvent AzureMonitorAgentExtension-TotalShutdownEventName2932 
Info  (2026-02-21T00:31:11Z): MonAgentManager.exe - Checking for new agent and config updates is disabled.
Info  (2026-02-21T00:31:11Z): MonAgentManager.exe - Attempting to create a new job object
Info  (2026-02-21T00:31:11Z): MonAgentManager.exe - Starting agent: 'C:\Packages\Plugins\Microsoft.Azure.Monitor.AzureMonitorWindowsAgent\1.39.0.0\Monitoring\Agent\MonAgentCore.exe   -deploymentdir "C:\Packages\Plugins\Microsoft.Azure.Monitor.AzureMonitorWindowsAgent\1.39.0.0\Monitoring\Agent" -LocalPath "C:\WindowsAzure\Resources\AMADataStore.amawin"  -mcsmode    -InitializedEvent "AzureMonitorAgentExtension-StartAgentEventName"  -managerver 1  -parent 3964 -ShutDownEvent AzureMonitorAgentExtension-ShutdownEventName2932 -TotalShutDownEvent AzureMonitorAgentExtension-TotalShutdownEventName2932 -ConfigFile "C:\WindowsAzure\Resources\AMADataStore.amawin\mcs\mcsconfig.latest.xml" '
Info  (2026-02-21T00:31:12Z): MonAgentManager.exe - Dumping MA error and warning events from C:\WindowsAzure\Resources\AMADataStore.amawin\Tables\MAEventTable; use the summary logs or node diagnostics to get all of the events.
Info  (2026-02-21T00:31:12Z): MonAgent - MA is running with original configuration file 'C:\WindowsAzure\Resources\AMADataStore.amawin\mcs\mcsconfig.latest.xml'; this file is part of the role deployment
Info  (2026-02-21T00:31:12Z): MonAgent - The configuration identity is 'AzureMonitorAgentVer0v0'
Info  (2026-02-21T00:31:12Z): TableWriter - Enabling support for large event data
Info  (2026-02-21T00:31:12Z): TableManager - Setting the disk quota for table storage to 10000MB; the available disk space is 129481MB
Info  (2026-02-21T00:31:12Z): MonAgent - Identity for the MA session is 'AzureMonitorAgent/351651ce-5feb-4e59-975d-f1f344e2b717/AMAWin_group/22afd636-aec1-4782-9055-f85ea283dc20'
Info  (2026-02-21T00:31:12Z): MonAgent - Config identity for the MA session is '{"Tenant":"351651ce-5feb-4e59-975d-f1f344e2b717","Role":"AMAWin_group","RoleInstance":"22afd636-aec1-4782-9055-f85ea283dc20"}'
Info  (2026-02-21T00:31:12Z): EventHubManager - MA node diagnostics is disabled, so only events with statically configured service bus keys will be published. Geneva event hub notifications are also disabled.
Info  (2026-02-21T00:31:12Z): NodeDiagManager - Node diagnostics is disabled in the config file. The on-demand request and Geneva pipeline functionality is disabled
Info  (2026-02-21T00:31:17Z): MonAgentManager.exe - MCS redirected to endpoint https://westus2-5w48.westus2-1.handler.control.monitor.azure.com for path locations/westus2/subscriptions/351651ce-5feb-4e59-975d-f1f344e2b717/resourceGroups/AMAWin_group/providers/Microsoft.Compute/virtualMachines/amawin/agentConfigurations
Info  (2026-02-21T00:31:17Z): MonAgentManager.exe - Received health config from MA: Cpu rate is 50% (hard limit); Memory limit is -1 MB (no restrictions); Working set limit is 2000 MB (no restrictions)
Info  (2026-02-21T00:31:17Z): MonAgentManager.exe - Configured cpu rate for job is 50% and it is a hard limit (Agent may run slower to conform to the Cpu setting); configured and actual limits may differ.
Info  (2026-02-21T00:36:12Z): MonAgentManager.exe - Dumping MA error and warning events from C:\WindowsAzure\Resources\AMADataStore.amawin\Tables\MAEventTable; use the summary logs or node diagnostics to get all of the events.
Info  (2026-02-21T00:36:12Z): SelfMonitoring - Job object based CPU rate limit is 50%; affinity masked to 4 virtual processors; weighted CPU rate limit 200%; number of processes in job object 1
Info  (2026-02-21T00:36:12Z): MonAgentManager.exe - The data collection rules downloaded from AMCS were successfully parsed and executed. Marking them last-known-good.
Info  (2026-02-21T05:53:22Z): MonAgentManager.exe - Exiting the monitoring agent host 3964 after handling control 6; CTRL-SHUTDOWN
Info  (2026-02-21T05:53:22Z): MonAgentManager.exe - MonAgentManager is exiting.
Info  (2026-02-21T05:53:22Z): MonAgentManager.exe - Stopping thread for Agent core start telemetry on Manager shut down.
Info  (2026-02-21T05:53:22Z): MonAgentHost.exe - Exiting MonAgentHost with process id 2932 after handling control 6; CTRL-SHUTDOWN
Info  (2026-02-21T05:53:22Z): MonAgentHost.exe - Exiting MonAgentHost with process id 2932 after handling control 1; CTRL-BREAK
Info  (2026-02-21T05:53:22Z): MonAgentHost.exe - MonAgentHost was stopped.
Info  (2026-02-21T05:53:22Z): MonAgentManager.exe - Exiting the monitoring agent host 3964 after handling control 1; CTRL-BREAK
Info  (2026-02-21T05:53:22Z): MonAgentManager.exe - Dumping MA error and warning events from C:\WindowsAzure\Resources\AMADataStore.amawin\Tables\MAEventTable; use the summary logs or node diagnostics to get all of the events.
Info  (2026-02-21T05:53:22Z): MonAgentManager.exe - shutting down Mcsmanager
Info  (2026-02-21T05:53:22Z): MonAgentManager.exe - McsManager shutting down
Info  (2026-02-21T05:53:22Z): MonAgentManager.exe - No health data to report.
Info  (2026-02-21T05:53:22Z): MonAgentManager.exe - stopping Mcsmanager
Info  (2026-02-21T05:53:22Z): MonAgentManager.exe - McsManager stopped
Info  (2026-02-21T05:53:22Z): MonAgentManager.exe - McsManager resources released
