Info  (2026-03-26T12:57:18Z): MonAgentHost.exe - Monitoring Agent Version 47.04.01 - Oct 23 2025 18:47:10 -  amd64 - OS 10.0.17763
Info  (2026-03-26T12:57:18Z): MonAgentHost.exe - See http://aka.ms/GenevaAgentHelp for help interpreting and asking questions about logged messages.
Info  (2026-03-26T12:57:18Z): MonAgentHost.exe - Successfully parsed command line arguments.
Info  (2026-03-26T12:57:18Z): MonAgentHost.exe - Actual command is : -serviceShutdown MonAgentShutdownEvent.7120 -parent 7120 -deploymentdir "C:\Packages\Plugins\Microsoft.Azure.Monitor.AzureMonitorWindowsAgent\1.39.0.0\Monitoring\Agent" -LocalPath "C:\WindowsAzure\Resources\AMADataStore.amawin" "-mcsmode" "-ShutDownEvent" "AzureMonitorAgentExtension-ShutdownEventName" "-TotalShutDownEvent" "AzureMonitorAgentExtension-TotalShutdownEventName" "-InitializedEvent" "AzureMonitorAgentExtension-StartAgentEventName"  
Info  (2026-03-26T12:57:18Z): MonAgentHost.exe - Current agent working directory is 'C:\Packages\Plugins\Microsoft.Azure.Monitor.AzureMonitorWindowsAgent\1.39.0.0\Monitoring\Agent'
Info  (2026-03-26T12:57:18Z): MonAgentHost.exe - Starting agent manager: 'C:\Packages\Plugins\Microsoft.Azure.Monitor.AzureMonitorWindowsAgent\1.39.0.0\Monitoring\Agent\MonAgentManager.exe -serviceShutdown MonAgentShutdownEvent.7120 -parent 7120 -deploymentdir "C:\Packages\Plugins\Microsoft.Azure.Monitor.AzureMonitorWindowsAgent\1.39.0.0\Monitoring\Agent" -LocalPath "C:\WindowsAzure\Resources\AMADataStore.amawin" "-mcsmode" "-ShutDownEvent" "AzureMonitorAgentExtension-ShutdownEventName" "-TotalShutDownEvent" "AzureMonitorAgentExtension-TotalShutdownEventName" "-InitializedEvent" "AzureMonitorAgentExtension-StartAgentEventName" -LogPath "C:\WindowsAzure\Resources\AMADataStore.amawin\Configuration\MonAgentHost.15.log"'
Info  (2026-03-26T12:57:20Z): MonAgentManager.exe - Monitoring Agent Version 47.04.01 - Oct 23 2025 18:49:53 -  amd64 - OS 10.0.17763
Info  (2026-03-26T12:57:20Z): MonAgentManager.exe - See http://aka.ms/GenevaAgentHelp for help interpreting and asking questions about logged messages.
Info  (2026-03-26T12:57:20Z): MonAgentManager.exe - Disk free space available for MA is 107007MB out of total partition size of 129481MB in C:\WindowsAzure\Resources\AMADataStore.amawin
Info  (2026-03-26T12:57:20Z): MonAgentManager.exe - Table directory is 'C:\WindowsAzure\Resources\AMADataStore.amawin\Tables'
Info  (2026-03-26T12:57:21Z): MonAgentManager.exe - Agent working directory is C:\Packages\Plugins\Microsoft.Azure.Monitor.AzureMonitorWindowsAgent\1.39.0.0\Monitoring\Agent; running from deployment directory
Info  (2026-03-26T12:57:21Z): MonAgentManager.exe - Waiting for parent process 7120 of the manager to terminate.
Info  (2026-03-26T12:57:21Z): MonAgentManager.exe - Initializing McsManager using mcsRegionalEndpoint=https://westus2.handler.control.monitor.azure.com,mcsGlobalEndpoint=https://global.handler.control.monitor.azure.com,azureResourceEndpoint=https://monitor.azure.com/,m_MonAgentVersion=47.04.01,customResourceId=,ManagedIdentity=,AADMode=false,aadClientId=,aadAuthority=,aadResource=,aadDomain=,proxyMode=system,proxyAddress=,proxyAuth=false
Info  (2026-03-26T12:57:21Z): MonAgentManager.exe - AmcsClientInstallId registry key found with value 2D7326B5-5F86-41CE-955F-6AF36C73B00C
Info  (2026-03-26T12:57:21Z): MonAgentManager.exe - Using Azure IMDS endpoint: http://169.254.169.254 for metadata
Info  (2026-03-26T12:57:21Z): MonAgentManager.exe - Setting resource id from IMDS: /subscriptions/351651ce-5feb-4e59-975d-f1f344e2b717/resourceGroups/amawin_group/providers/Microsoft.Compute/virtualMachines/amawin
Info  (2026-03-26T12:57:21Z): MonAgentManager.exe - Using Azure IMDS endpoint: http://169.254.169.254 for MSI token.
Info  (2026-03-26T12:57:21Z): MonAgentManager.exe - Using Azure IMDS endpoint: http://169.254.169.254 for MSI token.
Info  (2026-03-26T12:57:21Z): MonAgentManager.exe - McsManager successfully initialized
Info  (2026-03-26T12:57:21Z): MonAgentManager.exe - Successfully created fluentbitManager.
Info  (2026-03-26T12:57:21Z): MonAgentManager.exe - Will use previously downloaded config [C:\WindowsAzure\Resources\AMADataStore.amawin\mcs\mcsconfig.latest.xml].
Info  (2026-03-26T12:57:21Z): MonAgentManager.exe - Successfully initialized Geneva common telemetry reporting for the agent manager.
Info  (2026-03-26T12:57:21Z): MonAgentManager.exe - Agent will exit when AzureMonitorAgentExtension-ShutdownEventName is signaled.
Info  (2026-03-26T12:57:21Z): MonAgentManager.exe - Agent will exit when AzureMonitorAgentExtension-TotalShutdownEventName is signaled.
Info  (2026-03-26T12:57:22Z): MonAgentManager.exe - Next refresh of MSI token for MDM in 86400 seconds
Info  (2026-03-26T12:57:22Z): MonAgentManager.exe - Refreshed MSI Token: eyJ0...
Info  (2026-03-26T12:57:22Z): MonAgentManager.exe - Next refresh of MSI token for MCS in 86400 seconds
Info  (2026-03-26T12:57:22Z): MonAgentManager.exe - Successfully parsed command line arguments.
Info  (2026-03-26T12:57:22Z): MonAgentManager.exe - Actual command is :   -deploymentdir "C:\Packages\Plugins\Microsoft.Azure.Monitor.AzureMonitorWindowsAgent\1.39.0.0\Monitoring\Agent" -LocalPath "C:\WindowsAzure\Resources\AMADataStore.amawin"  -mcsmode    -InitializedEvent "AzureMonitorAgentExtension-StartAgentEventName"  -managerver 1  -parent 6032 -ShutDownEvent AzureMonitorAgentExtension-ShutdownEventName7120 -TotalShutDownEvent AzureMonitorAgentExtension-TotalShutdownEventName7120 
Info  (2026-03-26T12:57:22Z): MonAgentManager.exe - Checking for new agent and config updates is disabled.
Info  (2026-03-26T12:57:22Z): MonAgentManager.exe - Attempting to create a new job object
Info  (2026-03-26T12:57:22Z): MonAgentManager.exe - Starting agent: 'C:\Packages\Plugins\Microsoft.Azure.Monitor.AzureMonitorWindowsAgent\1.39.0.0\Monitoring\Agent\MonAgentCore.exe   -deploymentdir "C:\Packages\Plugins\Microsoft.Azure.Monitor.AzureMonitorWindowsAgent\1.39.0.0\Monitoring\Agent" -LocalPath "C:\WindowsAzure\Resources\AMADataStore.amawin"  -mcsmode    -InitializedEvent "AzureMonitorAgentExtension-StartAgentEventName"  -managerver 1  -parent 6032 -ShutDownEvent AzureMonitorAgentExtension-ShutdownEventName7120 -TotalShutDownEvent AzureMonitorAgentExtension-TotalShutdownEventName7120 -ConfigFile "C:\WindowsAzure\Resources\AMADataStore.amawin\mcs\mcsconfig.latest.xml" '
Info  (2026-03-26T12:57:22Z): MonAgentManager.exe - Could not start the agent with breaking away from its parent job object; will start the agent inside its parent job object
Info  (2026-03-26T12:57:22Z): MonAgentManager.exe - Successfully starting MA without breaking away from its parent job object; some or all of MA's usage restrictions are determined by the parent job object and outside the control of MA, but the agent will attempt to apply your configured resource settings.
Info  (2026-03-26T12:57:25Z): MonAgentManager.exe - Dumping MA error and warning events from C:\WindowsAzure\Resources\AMADataStore.amawin\Tables\MAEventTable; use the summary logs or node diagnostics to get all of the events.
Info  (2026-03-26T12:57:25Z): MonAgent - MA is running with original configuration file 'C:\WindowsAzure\Resources\AMADataStore.amawin\mcs\mcsconfig.latest.xml'; this file is part of the role deployment
Info  (2026-03-26T12:57:25Z): MonAgent - The configuration identity is 'AzureMonitorAgentVer0v0'
Info  (2026-03-26T12:57:25Z): TableWriter - Enabling support for large event data
Info  (2026-03-26T12:57:25Z): TableManager - Setting the disk quota for table storage to 10000MB; the available disk space is 129481MB
Info  (2026-03-26T12:57:25Z): MonAgent - Identity for the MA session is 'AzureMonitorAgent/351651ce-5feb-4e59-975d-f1f344e2b717/amawin_group/22afd636-aec1-4782-9055-f85ea283dc20'
Info  (2026-03-26T12:57:25Z): MonAgent - Config identity for the MA session is '{"Tenant":"351651ce-5feb-4e59-975d-f1f344e2b717","Role":"amawin_group","RoleInstance":"22afd636-aec1-4782-9055-f85ea283dc20"}'
Info  (2026-03-26T12:57:25Z): EventHubManager - MA node diagnostics is disabled, so only events with statically configured service bus keys will be published. Geneva event hub notifications are also disabled.
Error (2026-03-26T12:57:25Z): ETW - MAEventTable: Level:2 ActivityId:00-3214e49190e941768ee536f065b27f81-6b5ec8c7fb802c02-00 MDRESULT:0x80010008 ErrorCode(0): Message:Failed control trace query for ETW session properties. Error code: 4201.
Info  (2026-03-26T12:57:25Z): NodeDiagManager - Node diagnostics is disabled in the config file. The on-demand request and Geneva pipeline functionality is disabled
Info  (2026-03-26T12:57:26Z): MonAgentManager.exe - MCS redirected to endpoint https://westus2-5w48.westus2-1.handler.control.monitor.azure.com for path locations/westus2/subscriptions/351651ce-5feb-4e59-975d-f1f344e2b717/resourceGroups/amawin_group/providers/Microsoft.Compute/virtualMachines/amawin/agentConfigurations
Info  (2026-03-26T12:57:30Z): MonAgentManager.exe - Received health config from MA: Cpu rate is 50% (hard limit); Memory limit is -1 MB (no restrictions); Working set limit is 2000 MB (no restrictions)
Info  (2026-03-26T12:57:30Z): MonAgentManager.exe - Configured cpu rate for job is 50% and it is a hard limit (Agent may run slower to conform to the Cpu setting); configured and actual limits may differ.
Info  (2026-03-26T13:02:25Z): MonAgentManager.exe - Dumping MA error and warning events from C:\WindowsAzure\Resources\AMADataStore.amawin\Tables\MAEventTable; use the summary logs or node diagnostics to get all of the events.
Error (2026-03-26T13:02:26Z): Tasks - MAEventTable: Level:2 ActivityId:00-e804afdb0b4f4f65bd2b40c6892f71ff-6b5ec8c7fb802c02-00 MDRESULT:0x80080005 ErrorCode(0): Message:Scheduled task LogAnalyticsHeartbeatsLogAnalyticsd1521c3b-0bd3-4d94-a6ed-22c3170a6b74LogAnalyticsHeartbeats_d1521c3b-0bd3-4d94-a6ed-22c3170a6b74Query_LogAnalyticsHeartbeats_AzureMonitorAgentLogAnalyticsd1521c3b-0bd3-4d94-a6ed-22c3170a6b74LogAnalyticsHeartbeats_d1521c3b-0bd3-4d94-a6ed-22c3170a6b74_PT30S_XTable for time 2026-03-23T12:57:00.000Z to 2026-03-23T12:57:30.000Z timed out before try number 0; will not retry again
Error (2026-03-26T13:02:26Z): Tasks - MAEventTable: Level:2 ActivityId:00-e804afdb0b4f4f65bd2b40c6892f71ff-6b5ec8c7fb802c02-00 MDRESULT:0x80080005 ErrorCode(0): Message:Scheduled task LogAnalyticsHeartbeatsLogAnalyticsd1521c3b-0bd3-4d94-a6ed-22c3170a6b74LogAnalyticsHeartbeats_d1521c3b-0bd3-4d94-a6ed-22c3170a6b74Query_LogAnalyticsHeartbeats_AzureMonitorAgentLogAnalyticsd1521c3b-0bd3-4d94-a6ed-22c3170a6b74LogAnalyticsHeartbeats_d1521c3b-0bd3-4d94-a6ed-22c3170a6b74_PT30S_XTable failed to run to completion on try number 1; will not retry again
Error (2026-03-26T13:02:26Z): Tasks - MAEventTable: Level:2 ActivityId:00-d49739eea95b4b9d81f8a938788f18c9-6b5ec8c7fb802c02-00 MDRESULT:0x80080005 ErrorCode(0): Message:Scheduled task c7836023744250932452_546419284751770569LogAnalyticsd1521c3b-0bd3-4d94-a6ed-22c3170a6b74c7836023744250932452_546419284751770569_d1521c3b-0bd3-4d94-a6ed-22c3170a6b74Query_c7836023744250932452_546419284751770569_AzureMonitorAgentLogAnalyticsd1521c3b-0bd3-4d94-a6ed-22c3170a6b74c7836023744250932452_546419284751770569_d1521c3b-0bd3-4d94-a6ed-22c3170a6b74_PT20S_XTable for time 2026-03-23T12:57:20.000Z to 2026-03-23T12:57:40.000Z timed out before try number 0; will not retry again
Error (2026-03-26T13:02:26Z): Tasks - MAEventTable: Level:2 ActivityId:00-882510a015b44338899629239ccd3c22-6b5ec8c7fb802c02-00 MDRESULT:0x80080005 ErrorCode(0): Message:Scheduled task LogAnalyticsHeartbeatsLogAnalyticsd1521c3b-0bd3-4d94-a6ed-22c3170a6b74LogAnalyticsHeartbeats_d1521c3b-0bd3-4d94-a6ed-22c3170a6b74Query_LogAnalyticsHeartbeats_AzureMonitorAgentLogAnalyticsd1521c3b-0bd3-4d94-a6ed-22c3170a6b74LogAnalyticsHeartbeats_d1521c3b-0bd3-4d94-a6ed-22c3170a6b74_PT30S_XTable for time 2026-03-23T12:57:30.000Z to 2026-03-23T12:58:00.000Z timed out before try number 0; will not retry again
Error (2026-03-26T13:02:26Z): Tasks - MAEventTable: Level:2 ActivityId:00-d49739eea95b4b9d81f8a938788f18c9-6b5ec8c7fb802c02-00 MDRESULT:0x80080005 ErrorCode(0): Message:Scheduled task c7836023744250932452_546419284751770569LogAnalyticsd1521c3b-0bd3-4d94-a6ed-22c3170a6b74c7836023744250932452_546419284751770569_d1521c3b-0bd3-4d94-a6ed-22c3170a6b74Query_c7836023744250932452_546419284751770569_AzureMonitorAgentLogAnalyticsd1521c3b-0bd3-4d94-a6ed-22c3170a6b74c7836023744250932452_546419284751770569_d1521c3b-0bd3-4d94-a6ed-22c3170a6b74_PT20S_XTable failed to run to completion on try number 1; will not retry again
Error (2026-03-26T13:02:26Z): Tasks - MAEventTable: Level:2 ActivityId:00-f89d2f5cb12e4ac1a557b6148f2b3eef-6b5ec8c7fb802c02-00 MDRESULT:0x80080005 ErrorCode(0): Message:Scheduled task c7836023744250932452_546419284751770569LogAnalyticsd1521c3b-0bd3-4d94-a6ed-22c3170a6b74c7836023744250932452_546419284751770569_d1521c3b-0bd3-4d94-a6ed-22c3170a6b74Query_c7836023744250932452_546419284751770569_AzureMonitorAgentLogAnalyticsd1521c3b-0bd3-4d94-a6ed-22c3170a6b74c7836023744250932452_546419284751770569_d1521c3b-0bd3-4d94-a6ed-22c3170a6b74_PT20S_XTable for time 2026-03-23T12:57:40.000Z to 2026-03-23T12:58:00.000Z timed out before try number 0; will not retry again
Info  (2026-03-26T13:02:26Z): SelfMonitoring - Job object based CPU rate limit is 50%; affinity masked to 4 virtual processors; weighted CPU rate limit 200%; number of processes in job object 1
Info  (2026-03-26T13:02:26Z): MonAgentManager.exe - The data collection rules downloaded from AMCS were successfully parsed and executed. Marking them last-known-good.
